// Jest Snapshot v1, https://goo.gl/fbAQLP

exports[`MarkdownFinder get image returns the image if it exists 1`] = `
Object {
  "match": "![img](example.com/image.png)",
  "text": "img",
  "url": "example.com/image.png",
}
`;

exports[`MarkdownFinder get link returns true if the markdown contains an link 1`] = `
Object {
  "match": "[link](example.com)",
  "text": "link",
  "url": "example.com",
}
`;
