// Jest Snapshot v1, https://goo.gl/fbAQLP

exports[`MarkdownFinder images returns an array of images 1`] = `
Array [
  Object {
    "match": "![img](example.com/image.png)",
    "text": "img",
    "url": "example.com/image.png",
  },
  Object {
    "match": "![img](example.com/photo.png)",
    "text": "img",
    "url": "example.com/photo.png",
  },
]
`;

exports[`MarkdownFinder links returns an array of links 1`] = `
Array [
  Object {
    "match": "[link](example.com)",
    "text": "link",
    "url": "example.com",
  },
  Object {
    "match": "[this](this.com)",
    "text": "this",
    "url": "this.com",
  },
]
`;
